// Jest Snapshot v1, https://goo.gl/fbAQLP

exports[`SliderInput renders correctly 1`] = `
<div
  className="fmz-slider"
>
  <p>
    0
    %
  </p>
  <input
    max={10}
    min={0}
    onChange={[Function]}
    step={0.25}
    type="range"
    value={0}
  />
</div>
`;
